// Vitest Snapshot v1, https://vitest.dev/guide/snapshot.html

exports[`App > Snapshot  1`] = `
{
  "asFragment": [Function],
  "baseElement": <body>
    <div>
      <div
        class="app"
      >
        <h1
          class="login-message"
          data-testid="login-message"
        />
        <form
          class="form"
        >
          <h2
            class="form__header"
          >
            Zaloguj Się
          </h2>
          <label
            class="text-field"
          >
            <input
              class="input-clean text-field__input"
              data-testid="login-form-email-text-field"
              name="email"
              placeholder="email"
            />
          </label>
          <label
            class="text-field"
          >
            <input
              class="input-clean text-field__input"
              data-testid="login-form-password-text-field"
              name="password"
              placeholder="password"
              type="password"
            />
          </label>
          <input
            class="input-clean submit-button"
            data-testid="login-form-submit-button"
            type="submit"
            value="Login"
          />
        </form>
      </div>
    </div>
  </body>,
  "container": <div>
    <div
      class="app"
    >
      <h1
        class="login-message"
        data-testid="login-message"
      />
      <form
        class="form"
      >
        <h2
          class="form__header"
        >
          Zaloguj Się
        </h2>
        <label
          class="text-field"
        >
          <input
            class="input-clean text-field__input"
            data-testid="login-form-email-text-field"
            name="email"
            placeholder="email"
          />
        </label>
        <label
          class="text-field"
        >
          <input
            class="input-clean text-field__input"
            data-testid="login-form-password-text-field"
            name="password"
            placeholder="password"
            type="password"
          />
        </label>
        <input
          class="input-clean submit-button"
          data-testid="login-form-submit-button"
          type="submit"
          value="Login"
        />
      </form>
    </div>
  </div>,
  "debug": [Function],
  "findAllByAltText": [Function],
  "findAllByDisplayValue": [Function],
  "findAllByLabelText": [Function],
  "findAllByPlaceholderText": [Function],
  "findAllByRole": [Function],
  "findAllByTestId": [Function],
  "findAllByText": [Function],
  "findAllByTitle": [Function],
  "findByAltText": [Function],
  "findByDisplayValue": [Function],
  "findByLabelText": [Function],
  "findByPlaceholderText": [Function],
  "findByRole": [Function],
  "findByTestId": [Function],
  "findByText": [Function],
  "findByTitle": [Function],
  "getAllByAltText": [Function],
  "getAllByDisplayValue": [Function],
  "getAllByLabelText": [Function],
  "getAllByPlaceholderText": [Function],
  "getAllByRole": [Function],
  "getAllByTestId": [Function],
  "getAllByText": [Function],
  "getAllByTitle": [Function],
  "getByAltText": [Function],
  "getByDisplayValue": [Function],
  "getByLabelText": [Function],
  "getByPlaceholderText": [Function],
  "getByRole": [Function],
  "getByTestId": [Function],
  "getByText": [Function],
  "getByTitle": [Function],
  "queryAllByAltText": [Function],
  "queryAllByDisplayValue": [Function],
  "queryAllByLabelText": [Function],
  "queryAllByPlaceholderText": [Function],
  "queryAllByRole": [Function],
  "queryAllByTestId": [Function],
  "queryAllByText": [Function],
  "queryAllByTitle": [Function],
  "queryByAltText": [Function],
  "queryByDisplayValue": [Function],
  "queryByLabelText": [Function],
  "queryByPlaceholderText": [Function],
  "queryByRole": [Function],
  "queryByTestId": [Function],
  "queryByText": [Function],
  "queryByTitle": [Function],
  "rerender": [Function],
  "unmount": [Function],
}
`;
